ASxxxx Linker V03.00 + NoICE + sdld,  page 1.
Hexadecimal  [32-Bits]

Area                                    Addr        Size        Decimal Bytes (Attributes)
--------------------------------        ----        ----        ------- ----- ------------
.  .ABS.                            00000000    00000000 =           0. bytes (ABS,CON)

      Value  Global                              Global Defined In Module
      -----  --------------------------------   ------------------------
     00000000  .__.ABS.                           
     00000000  l__CABS                         
     00000000  l__DABS                         
     00000000  l__GSFINAL                      
     00000000  l__HOME                         
     00000000  s__CABS                         
     00000000  s__DABS                         
     00000002  l__INITIALIZED                  
     00000002  l__INITIALIZER                  
     00000033  l__DATA                         
     00000037  l__GSINIT                       
     000009CA  l__CODE                         
     00004E20  s__CODE                         
     000057EA  s__DATA                         
     0000581D  s__INITIALIZED                  
     0000581F  s__GSINIT                       
     0000581F  s__HOME                         
     00005856  s__GSFINAL                      
     00005856  s__INITIALIZER                  
     00006B96  PRINTSPALL                         ciclo
     00006B99  COLSPALL                           ciclo
     00006B9C  AUTOALL                            ciclo
     00006B9F  MOVERALL                           ciclo
     00006BA2  MAP2SP                             ciclo
     00006BA5  STARS                              ciclo
     00006BA8  COLAY                              ciclo
     00006BAB  SETUPSP                            ciclo
     00006BAE  LOCATESP                           ciclo
     00006BB1  PEEK                               ciclo
     00006BB4  POKE                               ciclo
     00006BB7  ANIMA                              ciclo
     00006BBA  COLSP                              ciclo
     00006BBD  RINK                               ciclo
     00006BC0  MOVER                              ciclo
     00006BC3  PRINTSP                            ciclo
     00006BC6  PRINTAT                            ciclo
     00006BC9  AUTO                               ciclo
     00006BCC  ROUTESP                            ciclo
     00006BCF  UMAP                               ciclo
     00006BD2  ROUTEALL                           ciclo
     00006BD5  LAYOUT                             ciclo
     00006BD8  MUSIC                              ciclo
     00006BDB  SETLIMITS                          ciclo
     00006BDE  _3D                                ciclo
     00007479  ANIMALL                            ciclo
ASxxxx Linker V03.00 + NoICE + sdld,  page 2.
Hexadecimal  [32-Bits]

Area                                    Addr        Size        Decimal Bytes (Attributes)
--------------------------------        ----        ----        ------- ----- ------------
_CODE                               00004E20    000009CA =        2506. bytes (REL,CON)

      Value  Global                              Global Defined In Module
      -----  --------------------------------   ------------------------
     00004E20  _comandos_8BP_V42                  ciclo
     00004E21  __8BP_3D_inv3                      ciclo
     00004E2D  __8BP_3D_3                         ciclo
     00004E51  __8BP_3D_1                         ciclo
     00004E5D  __8BP_anima_1                      ciclo
     00004E69  __8BP_animall                      ciclo
     00004E6F  __8BP_auto_1                       ciclo
     00004E7B  __8BP_autoall_1                    ciclo
     00004E87  __8BP_autoall                      ciclo
     00004E8D  __8BP_colay_inv3                   ciclo
     00004E99  __8BP_colay                        ciclo
     00004E9F  __8BP_colay_inv2                   ciclo
     00004EAB  __8BP_colay_2                      ciclo
     00004EBE  __8BP_colay_1                      ciclo
     00004ECA  __8BP_colay_3                      ciclo
     00004EEE  __8BP_colsp_inv3                   ciclo
     00004EFA  __8BP_colsp_inv2                   ciclo
     00004F06  __8BP_colsp_3                      ciclo
     00004F2A  __8BP_colsp_2                      ciclo
     00004F3D  __8BP_colsp_1                      ciclo
     00004F49  __8BP_colspall_inv2                ciclo
     00004F55  __8BP_colspall                     ciclo
     00004F5B  __8BP_colspall_1                   ciclo
     00004F6E  __8BP_colspall_2                   ciclo
     00004F81  __8BP_locatesp_inv3                ciclo
     00004F8D  __8BP_locatesp_3                   ciclo
     00004FB3  __8BP_music_inv4                   ciclo
     00004FBF  __8BP_music_4                      ciclo
     00004FEF  __8BP_music                        ciclo
     00004FF5  _getDescriptor                     ciclo
     00005018  __8BP_printat_inv                  ciclo
     00005024  __8BP_printat_4                    ciclo
     00005087  __8BP_printsp_inv3                 ciclo
     00005093  __8BP_printsp_inv2                 ciclo
     0000509F  __8BP_printsp_3                    ciclo
     000050C3  __8BP_printsp_2                    ciclo
     000050D6  __8BP_printsp_1                    ciclo
     000050E2  __8BP_printspall_inv4              ciclo
     000050EE  __8BP_printspall_4                 ciclo
     0000511E  __8BP_printspall_1                 ciclo
     0000512A  __8BP_printspall                   ciclo
     00005130  __8BP_routeall                     ciclo
     00005136  __8BP_routesp_inv2                 ciclo
     00005142  __8BP_routesp_2                    ciclo
     00005155  __8BP_routesp_1                    ciclo
     00005161  __8BP_setlimits_inv4               ciclo
     0000516D  __8BP_setlimits_4                  ciclo
     0000519D  __8BP_setupsp_inv3                 ciclo
     000051A9  __8BP_setupsp_inv4                 ciclo
     000051B5  __8BP_setupsp_3                    ciclo
ASxxxx Linker V03.00 + NoICE + sdld,  page 3.
Hexadecimal  [32-Bits]

Area                                    Addr        Size        Decimal Bytes (Attributes)
--------------------------------        ----        ----        ------- ----- ------------
_CODE                               00004E20    000009CA =        2506. bytes (REL,CON)

      Value  Global                              Global Defined In Module
      -----  --------------------------------   ------------------------
     000051D9  __8BP_setupsp_4                    ciclo
     00005209  __8BP_stars_inv5                   ciclo
     00005215  __8BP_stars_5                      ciclo
     00005251  __8BP_stars                        ciclo
     00005257  __8BP_layout_inv3                  ciclo
     00005263  __8BP_layout_3                     ciclo
     000052BA  __8BP_map2sp_inv2                  ciclo
     000052C6  __8BP_map2sp_2                     ciclo
     000052D9  __8BP_map2sp_1                     ciclo
     000052E5  __8BP_mover_inv3                   ciclo
     000052F1  __8BP_mover_3                      ciclo
     00005315  __8BP_mover_1                      ciclo
     00005321  __8BP_moverall_inv2                ciclo
     0000532D  __8BP_moverall_2                   ciclo
     00005340  __8BP_moverall                     ciclo
     00005346  __8BP_peek_2                       ciclo
     0000535F  __8BP_poke_2                       ciclo
     00005373  __8BP_rink_1                       ciclo
     0000537F  __8BP_rink_N                       ciclo
     000053E1  __8BP_umap_inv6                    ciclo
     000053ED  __8BP_umap_6                       ciclo
     00005434  __basic_time                       ciclo
     0000543C  __basic_rnd                        ciclo
     00005456  __basic_border                     ciclo
     00005465  _DisplayChar                       ciclo
     0000546E  __basic_print                      ciclo
     00005480  __basic_inkey                      ciclo
     00005496  _reverse                           ciclo
     00005528  __basic_str                        ciclo
     000055AF  __basic_call                       ciclo
     000055C2  __basic_locate                     ciclo
     000055D2  __basic_sound                      ciclo
     0000560F  __basic_ink                        ciclo
     00005620  __basic_peek                       ciclo
     00005632  __basic_poke                       ciclo
     00005644  __basic_pen_txt                    ciclo
     00005651  __basic_pen_graph                  ciclo
     0000565E  __basic_paper                      ciclo
     0000566B  __basic_plot                       ciclo
     00005682  __basic_move                       ciclo
     00005699  __basic_draw                       ciclo
     000056B0  _main                              ciclo
     00005716  _abs                               
     00005722  _strlen                            
     00005731  __modschar                         
     0000573E  __modsint                          
     0000574A  __moduchar                         
     00005756  __moduint                          
     00005761  __divsint                          
     0000576A  __divschar                         
     00005771  __div8                             
ASxxxx Linker V03.00 + NoICE + sdld,  page 4.
Hexadecimal  [32-Bits]

Area                                    Addr        Size        Decimal Bytes (Attributes)
--------------------------------        ----        ----        ------- ----- ------------
_CODE                               00004E20    000009CA =        2506. bytes (REL,CON)

      Value  Global                              Global Defined In Module
      -----  --------------------------------   ------------------------
     00005775  __div_signexte                     
     00005779  __div16                            
     0000579F  __get_remainder                    
     000057A9  __divuint                          
     000057B1  __divuchar                         
     000057B8  __divu8                            
     000057BB  __divu16                           
ASxxxx Linker V03.00 + NoICE + sdld,  page 5.
Hexadecimal  [32-Bits]

Area                                    Addr        Size        Decimal Bytes (Attributes)
--------------------------------        ----        ----        ------- ----- ------------
_DATA                               000057EA    00000033 =          51. bytes (REL,CON)

      Value  Global                              Global Defined In Module
      -----  --------------------------------   ------------------------
     000057EA  __8BP_rink_N_color1                ciclo
     000057EB  __8BP_rink_N_inverse_list          ciclo
     00005818  __xmap                             ciclo
     00005819  _x                                 ciclo
     0000581B  _x2                                ciclo

ASxxxx Linker V03.00 + NoICE + sdld,  page 6.
Hexadecimal  [32-Bits]

Area                                    Addr        Size        Decimal Bytes (Attributes)
--------------------------------        ----        ----        ------- ----- ------------
_INITIALIZED                        0000581D    00000002 =           2. bytes (REL,CON)

      Value  Global                              Global Defined In Module
      -----  --------------------------------   ------------------------
     0000581D  __basic_rnd_x                      ciclo

ASxxxx Linker V03.00 + NoICE + sdld,  page 7.
Hexadecimal  [32-Bits]

Area                                    Addr        Size        Decimal Bytes (Attributes)
--------------------------------        ----        ----        ------- ----- ------------
_GSINIT                             0000581F    00000037 =          55. bytes (REL,CON)

      Value  Global                              Global Defined In Module
      -----  --------------------------------   ------------------------
ASxxxx Linker V03.00 + NoICE + sdld,  page 8.
Hexadecimal  [32-Bits]

Area                                    Addr        Size        Decimal Bytes (Attributes)
--------------------------------        ----        ----        ------- ----- ------------
_INITIALIZER                        00005856    00000002 =           2. bytes (REL,CON)

      Value  Global                              Global Defined In Module
      -----  --------------------------------   ------------------------
ASxxxx Linker V03.00 + NoICE + sdld,  page 9.

Files Linked                              [ module(s) ]

output\ciclo.rel                          [ ciclo ]


Libraries Linked                          [ object file ]

C:\Program Files\SDCC\bin\..\lib\z80/z80.lib
                                          [ abs.rel ]
C:\Program Files\SDCC\bin\..\lib\z80/z80.lib
                                          [ strlen.rel ]
C:\Program Files\SDCC\bin\..\lib\z80/z80.lib
                                          [ modsigned.rel ]
C:\Program Files\SDCC\bin\..\lib\z80/z80.lib
                                          [ modunsigned.rel ]
C:\Program Files\SDCC\bin\..\lib\z80/z80.lib
                                          [ divsigned.rel ]
C:\Program Files\SDCC\bin\..\lib\z80/z80.lib
                                          [ divunsigned.rel ]

ASxxxx Linker V03.00 + NoICE + sdld,  page 10.

User Base Address Definitions

_CODE = 0x4e20
_DATA = 0x0000

